// Jest Snapshot v1, https://goo.gl/fbAQLP

exports[`should render ExpenseListItems correctly 1`] = `
<div>
  <Link
    activeclassname="is-active"
    replace={false}
    to="/edit/1"
  >
    <h3>
      Gum
    </h3>
  </Link>
  <p>
    $1.95
    -
    January 1st, 1970
  </p>
</div>
`;
